[
  {
    "plugin": "sqs",
    "name": "mySqsSender",
    "config": {
      "foo": "bar"
    }
  },
  {
    "plugin": "sqs",
    "name": "mySqsSender",
    "config": {}
  }
]