[
  {
    "id": "test",
    "userId": "mchiang",
    "name": "differentName",
    "receiver": {},
    "sender": {},
    "deliveryMode": "fire_and_forget"
  },
  {
    "id": "test2",
    "userId": "bwolf",
    "name": "anotherName",
    "receiver": {},
    "sender": {
      "plugin": "debug",
      "name": "my_debug",
      "config": {
        "key": "value"
      }
    },
    "deliveryMode": "at_least_once"
  },
  {
    "id": "test3",
    "userId": "tgattis",
    "name": "myName3",
    "receiver": {},
    "sender": {
      "plugin": "debug",
      "name": "my_debug",
      "config": {
        "key": "value"
      }
    },
    "deliveryMode": "at_least_once"
  },
  {
    "id": "test4",
    "userId": "tgattis",
    "name": "myName4",
    "receiver": {},
    "sender": {
      "plugin": "debug",
      "name": "my_debug",
      "config": {
        "key": "value"
      }
    },
    "deliveryMode": "at_least_once"
  }
]