{
  "tenant": {
    "orgId": "myOrg",
    "appId": "myApp2"
  },
  "quota": {
    "eventsPerSec": 15
  }
}