{
  "tenant": {
    "orgId": "myOrg",
    "appId": "myApp"
  },
  "quota": {
    "eventsPerSec": 10
  }
}