{
  "plugin": "sqs",
  "config": {},
  "fragmentName": "mySqsSender"
}