{
  "id": "test",
  "tenant": {
    "orgId": "myOrg",
    "appId": "myApp"
  },
  "userId": "mchiang",
  "name": "differentName",
  "receiver": {},
  "sender": {},
  "deliveryMode": "fire_and_forget"
}