{
  "item": "InternalServerError: missing plugin type configuration",
  "status": {
    "code": 500,
    "message": "Internal Server Error"
  }
}