{
  "item": {
    "quota": {
      "eventsPerSec": 40
    },
    "tenant": {
      "appId": "yourapp",
      "orgId": "yourorg2"
    }
  },
  "status": {
    "code": 200,
    "message": "OK"
  }
}