{
  "item": "Item not found",
  "status": {
    "code": 404,
    "message": "Not Found"
  }
}