{
  "status": {
    "code": 200,
    "message": "OK"
  },
  "item": {
    "appId": "xfi",
    "deliveryMode": "whoCares",
    "filterChain": [
      {
        "config": {
          "matcher": "regex",
          "mode": "allow",
          "pattern": "^.*$"
        },
        "name": "simpleFilterMatchAllowRouteMatcher",
        "plugin": "match"
      }
    ],
    "id": "f123",
    "name": "tbltstmatchFilterAllowsimpleFilterRoute",
    "orgId": "comcast",
    "receiver": {
      "config": {
        "intervalMs": 100,
        "maxHistory": 100,
        "payload": {
          "foo": "bar"
        },
        "rounds": 5
      },
      "name": "tbltstmatchFilterAllowsimpleFilterMatchAllowRouteReceiver",
      "plugin": "debug"
    },
    "sender": {
      "config": {
        "destination": "stdout",
        "maxHistory": 100
      },
      "name": "tbltstmatchFilterAllowsimpleFilterMatchAllowRouteSender",
      "plugin": "debug"
    },
    "userId": "boris"
  }
}