{
  "status": {
    "code": 200,
    "message": "OK"
  },
  "item": {
    "deliveryMode": "whoCares",
    "filterChain": [
      {
        "config": {
          "map": [
            {
              "from": "name",
              "to": {
                "name": "myname"
              }
            },
            {
              "from": "title",
              "to": {
                "title": "mytitle"
              }
            }
          ],
          "paths": [
            ".content.name",
            ".content.title"
          ]
        },
        "name": "simpleFilterMappingRouteMapper",
        "plugin": "mapping"
      }
    ],
    "id": "mapper101",
    "name": "tbltstsimpleFilterMappingRoutesimpleFilterMappingRoute",
    "receiver": {
      "config": {
        "payload": {
          "content": {
            "accountId": "123",
            "adapterId": "123",
            "description": "operation",
            "eventId": "123",
            "name": "name",
            "timestamp": 1428352877944,
            "title": "title",
            "type": "type",
            "values": [
              {
                "foo": "foo1",
                "name": "name1"
              },
              {
                "foo": "foo2",
                "name": "name2"
              },
              {
                "foo": "foo3",
                "name": "name3"
              }
            ]
          },
          "topic": "mytopic"
        },
        "rounds": 1
      },
      "name": "tbltstsimpleFilterMappingRoutesimpleFilterMappingRouteReceiver",
      "plugin": "debug"
    },
    "sender": {
      "config": {
        "destination": "stdout",
        "maxHistory": 100
      },
      "name": "tbltstsimpleFilterMappingRoutesimpleFilterMappingRouteSender",
      "plugin": "debug"
    },
    "tenant": {
      "appId": "myapp",
      "orgId": "myorg"
    },
    "userId": "boris"
  }
}