{
  "status": {
    "code": 200,
    "message": "OK"
  },
  "item": {
    "deliveryMode": "whoCares",
    "filterChain": [
      {
        "config": {
          "matcher": "regex",
          "mode": "allow",
          "pattern": "foo"
        },
        "name": "simpleFilterChainMatchRouteMatcherA",
        "plugin": "match"
      },
      {
        "config": {
          "matcher": "regex",
          "mode": "allow",
          "pattern": "bar"
        },
        "name": "simpleFilterChainMatchRouteMatcherB",
        "plugin": "match"
      }
    ],
    "id": "f100",
    "name": "tbltstsimpleFilterChainMatchRoutesimpleFilterChainMatchRoute",
    "receiver": {
      "config": {
        "intervalMs": 10,
        "maxHistory": 100,
        "payload": "foo bar baz",
        "rounds": 5
      },
      "name": "tbltstsimpleFilterChainMatchRoutesimpleFilterChainMatchRouteReceiver",
      "plugin": "debug"
    },
    "sender": {
      "config": {
        "destination": "stdout",
        "maxHistory": 100
      },
      "name": "tbltstsimpleFilterChainMatchRoutesimpleFilterChainMatchRouteSender",
      "plugin": "debug"
    },
    "tenant": {
      "appId": "xfi",
      "orgId": "comcast"
    },
    "userId": "boris"
  }
}