{
  "status": {
    "code": 200,
    "message": "OK"
  },
  "item": {
    "deliveryMode": "whoCares",
    "id": "r102",
    "name": "tbltstmultiRouteAABBsimpleRouteAA",
    "receiver": {
      "config": {
        "intervalMs": 10,
        "maxHistory": 100,
        "payload": {
          "foo": "bar"
        },
        "rounds": 5
      },
      "name": "tbltstmultiRouteAABBmydebugReceiverA",
      "plugin": "debug"
    },
    "sender": {
      "config": {
        "destination": "stdout",
        "maxHistory": 100
      },
      "name": "tbltstmultiRouteAABBmydebugSenderA",
      "plugin": "debug"
    },
    "tenant": {
      "appId": "xfi",
      "orgId": "comcast"
    },
    "userId": "boris"
  }
}