{
  "status": {
    "code": 200,
    "message": "OK"
  },
  "item": {
    "deliveryMode": "whoCares",
    "filterChain": [
      {
        "config": {
          "fromPath": ".content",
          "regex": "[0-9]+",
          "toPath": ".regexedContent"
        },
        "name": "simpleRegexFilterRouteFilter",
        "plugin": "regex"
      }
    ],
    "id": "regex101",
    "name": "tbltstsimpleFilterRegexRoutesimpleRegexFilterRoute",
    "receiver": {
      "config": {
        "intervalMs": 10,
        "maxHistory": 100,
        "payload": {
          "content": "bar-4242.baz",
          "timestamp": 1428352877944,
          "topic": "foo"
        },
        "rounds": 5
      },
      "name": "tbltstsimpleFilterRegexRoutesimpleRegexFilterRouteReceiver",
      "plugin": "debug"
    },
    "sender": {
      "config": {
        "destination": "stdout",
        "maxHistory": 100
      },
      "name": "tbltstsimpleFilterRegexRoutesimpleRegexFilterRouteSender",
      "plugin": "debug"
    },
    "tenant": {
      "appId": "myapp",
      "orgId": "myorg"
    },
    "userId": "boris"
  }
}