{
  "status": {
    "code": 200,
    "message": "OK"
  },
  "item": {
    "deliveryMode": "whoCares",
    "filterChain": [
      {
        "config": {
          "transformation": {
            "account": "{.content.foo}",
            "payload": "{.content}"
          }
        },
        "name": "simpleFilterTransformMissingFieldTransformer",
        "plugin": "transform"
      }
    ],
    "id": "transform109",
    "name": "tbltstsimpleFilterTransformMissingFieldRoutesimpleFilterTransformMissingFieldRoute",
    "receiver": {
      "config": {
        "intervalMs": 10,
        "payload": {
          "content": {
            "accountId": "123",
            "adapterId": "123",
            "description": "operation",
            "eventId": "123",
            "name": "name",
            "timestamp": 1428352877944,
            "title": "title",
            "type": "type",
            "value": "name"
          },
          "topic": "mytopic"
        },
        "rounds": 5
      },
      "name": "tbltstsimpleFilterTransformMissingFieldRoutesimpleFilterTransformMissingFieldReceiver",
      "plugin": "debug"
    },
    "sender": {
      "config": {
        "destination": "stdout",
        "maxHistory": 100
      },
      "name": "tbltstsimpleFilterTransformMissingFieldRoutesimpleFilterTransformMissingFieldSender",
      "plugin": "debug"
    },
    "tenant": {
      "appId": "myapp",
      "orgId": "myorg"
    },
    "userId": "boris"
  }
}