{
  "status": {
    "code": 200,
    "message": "OK"
  },
  "item": {
    "deliveryMode": "whoCares",
    "filterChain": [
      {
        "config": {
          "batchSize": 5
        },
        "name": "simpleBatchFilterRouteFilter",
        "plugin": "batch"
      }
    ],
    "id": "batch101",
    "name": "tbltstsimpleFilterBatchRoutesimpleBatchFilterRoute",
    "receiver": {
      "config": {
        "intervalMs": 10,
        "maxHistory": 100,
        "payload": {
          "foo": "bar"
        },
        "rounds": 10
      },
      "name": "tbltstsimpleFilterBatchRoutesimpleBatchFilterRouteReceiver",
      "plugin": "debug"
    },
    "sender": {
      "config": {
        "destination": "stdout",
        "maxHistory": 100
      },
      "name": "tbltstsimpleFilterBatchRoutesimpleBatchFilterRouteSender",
      "plugin": "debug"
    },
    "tenant": {
      "appId": "myapp",
      "orgId": "myorg"
    },
    "userId": "boris"
  }
}