{
  "status": {
    "code": 200,
    "message": "OK"
  },
  "item": {
    "deliveryMode": "whoCares",
    "filterChain": [
      {
        "config": {
          "matcher": "pattern",
          "mode": "allow",
          "pattern": {
            "foo": "*"
          }
        },
        "name": "simpleFilterMatchPatternWildRouteMatcher",
        "plugin": "match"
      }
    ],
    "id": "f107",
    "name": "tbltstsimpleFilterMatchPatternWildRoutesimpleFilterMatchPatternWildRoute",
    "receiver": {
      "config": {
        "intervalMs": 10,
        "maxHistory": 100,
        "payload": {
          "baz": "baz",
          "foo": "bar"
        },
        "rounds": 5
      },
      "name": "tbltstsimpleFilterMatchPatternWildRoutesimpleFilterMatchPatternWildRouteReceiver",
      "plugin": "debug"
    },
    "sender": {
      "config": {
        "destination": "stdout",
        "maxHistory": 100
      },
      "name": "tbltstsimpleFilterMatchPatternWildRoutesimpleFilterMatchPatternWildRouteSender",
      "plugin": "debug"
    },
    "tenant": {
      "appId": "myapp",
      "orgId": "myorg"
    },
    "userId": "boris"
  }
}