ThisIsAMultilineSecret
Line1SecretLine1Secret
Line2SecretLine2Secret